[backblue.gif]
[fade.gif]
[index.html]
[centerforiranianmusic.org/wp-content/themes/studio/favicon.ico]
[centerforiranianmusic.org/wp-includes/wlwmanifest.xml]
[ajax.googleapis.com/ajax/libs/jquery/1.2.6/jquery.min.js]
[centerforiranianmusic.org/wp-content/themes/studio/js/jquery.innerfade.js]
[centerforiranianmusic.org/wp-content/themes/studio/cmu.png]
[centerforiranianmusic.org/wp-content/uploads/2013/02/LOGO_FINAL-sm_Final_web-e1360089998987.jpg]
[centerforiranianmusic.org/wp-content/themes/studio/images/magnify.gif]
[centerforiranianmusic.org/wp-content/uploads/2013/02/Web_1.1.jpg]
[centerforiranianmusic.org/wp-content/uploads/2013/02/Web_1.3.jpg]
[centerforiranianmusic.org/wp-content/uploads/2013/02/Web_1.4.jpg]
[centerforiranianmusic.org/wp-content/themes/studio/social_icons/vimeo.png]
[centerforiranianmusic.org/index.html]
[centerforiranianmusic.org/wp-content/themes/studio/images/bg_stripe.gif]
[centerforiranianmusic.org/wp-content/themes/studio/images/navbar.png]
[centerforiranianmusic.org/wp-content/themes/studio/images/dots_nav.gif]
[centerforiranianmusic.org/wp-content/themes/studio/images/dots_content.gif]
[centerforiranianmusic.org/wp-content/themes/studio/images/sub.png]
[centerforiranianmusic.org/wp-content/themes/studio/images/dots_footer.gif]
[centerforiranianmusic.org/wp-content/themes/studio/style.css]
[centerforiranianmusic.org/wp-content/uploads/2017/07/Poster-Rohab--150x150.jpg]
[centerforiranianmusic.org/wp-content/uploads/2016/07/image1.jpg]
[centerforiranianmusic.org/wp-content/uploads/2016/07/image1-150x150.jpg]
[centerforiranianmusic.org/wp-content/uploads/2015/08/Main-picture-2.jpg]
[centerforiranianmusic.org/wp-content/uploads/2015/08/Main-picture-2-150x150.jpg]
[centerforiranianmusic.org/wp-content/uploads/2015/03/1424439298_10934053_10152563637390216_1421721926134394797_n-Copy.jpg]
[centerforiranianmusic.org/wp-content/uploads/2015/03/1424439298_10934053_10152563637390216_1421721926134394797_n-Copy-150x100.jpg]
[centerforiranianmusic.org/wp-content/uploads/2015/01/Matka-concert-Final-Poster.jpg]
[centerforiranianmusic.org/wp-content/uploads/2015/01/Matka-concert-Final-Poster-150x150.jpg]
[centerforiranianmusic.org/feed/index.html]
[centerforiranianmusic.org/feed/rss.html]
[centerforiranianmusic.org/feed/atom/index.html]
[centerforiranianmusic.org/xmlrpc.html]
[centerforiranianmusic.org/xmlrpc0db0.html]
[centerforiranianmusic.org/about/index.html]
[centerforiranianmusic.org/wp-content/uploads/2013/01/Reza-Vali-.jpg]
[centerforiranianmusic.org/wp-content/uploads/2013/01/Bijan-Elyaderani-4-web-e1359662355262.png]
[centerforiranianmusic.org/wp-content/uploads/2014/12/305315_10150363660791463_1040336452_n-e1418796563616.jpg]
[centerforiranianmusic.org/wp-content/uploads/2013/02/cyrus2-High-resolution-photo-e1381418453355.jpg]
[centerforiranianmusic.org/wp-content/uploads/2013/01/Ester_2-e1359475229641.png]
[centerforiranianmusic.org/wp-content/uploads/2013/01/Screen-Shot-2013-01-19-at-4.57.11-PM-e1359057605922.png]
[centerforiranianmusic.org/wp-content/uploads/2013/01/behrouz_jamali-e1358631446756.jpg]
[centerforiranianmusic.org/wp-content/uploads/2013/01/martin_dan_285x400-e1358632038680.jpg]
[centerforiranianmusic.org/wp-content/uploads/2013/01/Parviz-e1359474401522.jpg]
[centerforiranianmusic.org/wp-content/uploads/2014/02/SCurtis-e1391276573209.png]
[centerforiranianmusic.org/wp-content/uploads/2013/01/marge.jpg]
[centerforiranianmusic.org/wp-content/uploads/2013/01/Screen-Shot-2012-11-20-at-3.18.18-PM-e1358282537709.png]
[centerforiranianmusic.org/people/index.html]
[centerforiranianmusic.org/category/events/index.html]
[centerforiranianmusic.org/iranianmusic/index.html]
[centerforiranianmusic.org/wp-content/uploads/2013/01/IranMap-300x225.png]
[centerforiranianmusic.org/generalhistory/index.html]
[centerforiranianmusic.org/musicalhistory/index.html]
[centerforiranianmusic.org/concepts/index.html]
[centerforiranianmusic.org/performances/index.html]
[centerforiranianmusic.org/FAQ/index.html]
[centerforiranianmusic.org/wp-content/uploads/2014/04/Center_for_Iranian_Music_Persian-Translation.pdf]
[centerforiranianmusic.org/persiantranslation/index.html]
[centerforiranianmusic.org/donate/index.html]
[centerforiranianmusic.org/wp-content/uploads/2013/01/07d545d2542f221c791329f2854d4ddf66435807.jpg]
[centerforiranianmusic.org/contact/index.html]
[centerforiranianmusic.org/events/rohab-enemble-concert-with-vocalist-sepideh-raissadat/index.html]
[centerforiranianmusic.org/uncategorized/heart-strums-concert-online-ticketing-فروش-انلاین-بلیط-کنسرت-زخمه-دل/index.html]
[centerforiranianmusic.org/events/zakhmeh-del-concert/index.html]
[centerforiranianmusic.org/uncategorized/santur-class/index.html]
[centerforiranianmusic.org/wp-content/uploads/2017/07/Poster-Rohab-.html]
[centerforiranianmusic.org/wp-atom.html]
[centerforiranianmusic.org/events/rohab-enemble-concert-with-vocalist-sepideh-raissadat/feed/atom.html]
[centerforiranianmusic.org/uncategorized/heart-strums-concert-online-ticketing-فروش-انلاین-بلیط-کنسرت-زخمه-دل/feed/atom.html]
[centerforiranianmusic.org/events/zakhmeh-del-concert/feed/atom.html]
[centerforiranianmusic.org/uncategorized/santur-class/feed/atom.html]
[centerforiranianmusic.org/events/music-from-an-ancient-land-traditional-folk-and-contemporary-music-of-iran-2/index.html]
[centerforiranianmusic.org/events/music-from-an-ancient-land-traditional-folk-and-contemporary-music-of-iran-2/feed/atom.html]
[centerforiranianmusic.org/events/special-thanks-to-the-segah-festival-donors/index.html]
[centerforiranianmusic.org/events/special-thanks-to-the-segah-festival-donors/feed/atom.html]
[centerforiranianmusic.org/events/the-segah-festival-of-persian-and-turkish-music/index.html]
[centerforiranianmusic.org/events/the-segah-festival-of-persian-and-turkish-music/feed/atom.html]
[centerforiranianmusic.org/uncategorized/music-from-an-ancient-land-traditional-folk-and-contemporary-music-of-iran/index.html]
[centerforiranianmusic.org/uncategorized/music-from-an-ancient-land-traditional-folk-and-contemporary-music-of-iran/feed/atom.html]
[centerforiranianmusic.org/uncategorized/happy-norooz-نوروزتان-پیروز/index.html]
[centerforiranianmusic.org/uncategorized/happy-norooz-نوروزتان-پیروز/feed/atom.html]
[centerforiranianmusic.org/uncategorized/concert-announcement-12-13th-february-2015/index.html]
[centerforiranianmusic.org/uncategorized/concert-announcement-12-13th-february-2015/feed/atom.html]
[centerforiranianmusic.org/about/feed/index.html]
[centerforiranianmusic.org/indexc7e3.html]
[centerforiranianmusic.org/faq/index-2.html]
[centerforiranianmusic.org/wp-content/uploads/2013/01/Bijan-Elyaderani-4-web-150x150.png]
[centerforiranianmusic.org/people/bijanelyaderani/index.html]
[centerforiranianmusic.org/wp-content/uploads/2013/01/Reza-Vali--150x150.jpg]
[centerforiranianmusic.org/people/rezavali/index.html]
[centerforiranianmusic.org/people/kathleenfallon/index.html]
[centerforiranianmusic.org/people/danmartin/index.html]
[centerforiranianmusic.org/people/margaretmyers/index.html]
[centerforiranianmusic.org/people/parvizbaghai/index.html]
[centerforiranianmusic.org/people/simin-yazdgerdi-curtis/index.html]
[centerforiranianmusic.org/people/cyrus-forough/index.html]
[centerforiranianmusic.org/people/behrouzjamali/index.html]
[centerforiranianmusic.org/people/kayhankalhor/index.html]
[centerforiranianmusic.org/people/dariushsaghafi/index.html]
[centerforiranianmusic.org/people/estersaghafi/index.html]
[centerforiranianmusic.org/people/roozbeh-aliabadi.html]
[centerforiranianmusic.org/people/feed/index.html]
[centerforiranianmusic.org/index5c7e.html]
[centerforiranianmusic.org/people/zahramohebbi/index.html]
[centerforiranianmusic.org/wp-content/uploads/2014/12/305315_10150363660791463_1040336452_n-150x150.jpg]
[centerforiranianmusic.org/category/events/feed/index.html]
[centerforiranianmusic.org/iranianmusic/feed/index.html]
[centerforiranianmusic.org/index1e7e.html]
[centerforiranianmusic.org/generalhistory/feed/index.html]
[centerforiranianmusic.org/index094d.html]
[centerforiranianmusic.org/generalhistory/attachment/iranmap/index.html]
[centerforiranianmusic.org/wp-content/uploads/2013/01/IranMap.png]
[centerforiranianmusic.org/musicalhistory/feed/index.html]
[centerforiranianmusic.org/index8cd4.html]
[centerforiranianmusic.org/concepts/feed/index.html]
[centerforiranianmusic.org/index4f61.html]
[centerforiranianmusic.org/wp-content/uploads/2013/01/Tar.png]
[centerforiranianmusic.org/wp-content/uploads/2013/01/Tar-90x300.png]
[centerforiranianmusic.org/concepts/tar/index.html]
[centerforiranianmusic.org/wp-content/uploads/2013/01/Setar.png]
[centerforiranianmusic.org/wp-content/uploads/2013/01/Setar-84x300.png]
[centerforiranianmusic.org/concepts/setar/index.html]
[centerforiranianmusic.org/wp-content/uploads/2013/01/Santoor.png]
[centerforiranianmusic.org/wp-content/uploads/2013/01/Santoor-300x213.png]
[centerforiranianmusic.org/concepts/santoor/index.html]
[centerforiranianmusic.org/wp-content/uploads/2013/01/Kamanche.png]
[centerforiranianmusic.org/wp-content/uploads/2013/01/Kamanche-212x300.png]
[centerforiranianmusic.org/concepts/kamanche/index.html]
[centerforiranianmusic.org/wp-content/uploads/2013/01/Ney.png]
[centerforiranianmusic.org/wp-content/uploads/2013/01/Ney-256x300.png]
[centerforiranianmusic.org/concepts/ney/index.html]
[centerforiranianmusic.org/wp-content/uploads/2013/01/Tonbak.png]
[centerforiranianmusic.org/wp-content/uploads/2013/01/Tonbak-228x300.png]
[centerforiranianmusic.org/concepts/tonbak/index.html]
[centerforiranianmusic.org/wp-content/uploads/2013/01/Daf.png]
[centerforiranianmusic.org/concepts/daf/index.html]
[centerforiranianmusic.org/wp-content/uploads/2013/01/Daf-274x300.png]
[centerforiranianmusic.org/wp-content/uploads/2013/01/Barbat.png]
[centerforiranianmusic.org/wp-content/uploads/2013/01/Barbat-210x300.png]
[centerforiranianmusic.org/concepts/barbat/index.html]
[centerforiranianmusic.org/wp-content/uploads/2013/01/Gheychak.png]
[centerforiranianmusic.org/wp-content/uploads/2013/01/Gheychak-214x300.png]
[centerforiranianmusic.org/concepts/gheychak/index.html]
[centerforiranianmusic.org/wp-content/uploads/2013/01/Dotar.png]
[centerforiranianmusic.org/concepts/dotar/index.html]
[centerforiranianmusic.org/wp-content/uploads/2013/01/Dotar-124x300.png]
[centerforiranianmusic.org/wp-content/uploads/2013/01/Tanboor.png]
[centerforiranianmusic.org/wp-content/uploads/2013/01/Tanboor-144x300.png]
[centerforiranianmusic.org/concepts/tanboor/index.html]
[centerforiranianmusic.org/wp-content/uploads/2013/01/Rebab.png]
[centerforiranianmusic.org/wp-content/uploads/2013/01/Rebab-300x300.png]
[centerforiranianmusic.org/concepts/rebab/index.html]
[centerforiranianmusic.org/wp-content/uploads/2013/01/Sorna.png]
[centerforiranianmusic.org/wp-content/uploads/2013/01/Sorna-164x300.png]
[centerforiranianmusic.org/concepts/sorna/index.html]
[centerforiranianmusic.org/wp-content/uploads/2013/01/Karna_and_Nagareh.png]
[centerforiranianmusic.org/wp-content/uploads/2013/01/Karna_and_Nagareh-300x205.png]
[centerforiranianmusic.org/concepts/karna_and_naghareh/index.html]
[centerforiranianmusic.org/wp-content/uploads/2013/01/Balaban.png]
[centerforiranianmusic.org/concepts/balaban/index.html]
[centerforiranianmusic.org/wp-content/uploads/2013/01/Balaban-300x274.png]
[centerforiranianmusic.org/wp-content/uploads/2013/01/Damam.png]
[centerforiranianmusic.org/wp-content/uploads/2013/01/Damam-300x178.png]
[centerforiranianmusic.org/concepts/damam/index.html]
[centerforiranianmusic.org/wp-content/uploads/2013/01/Dohol.png]
[centerforiranianmusic.org/wp-content/uploads/2013/01/Dohol-262x300.png]
[centerforiranianmusic.org/concepts/dohol/index.html]
[centerforiranianmusic.org/wp-content/uploads/2013/01/Naghareh.png]
[centerforiranianmusic.org/concepts/naghareh/index.html]
[centerforiranianmusic.org/wp-content/uploads/2013/01/Naghareh-300x235.png]
[centerforiranianmusic.org/performances/feed/index.html]
[centerforiranianmusic.org/indexe856.html]
[centerforiranianmusic.org/faq/feed/index.html]
[centerforiranianmusic.org/index5294.html]
[centerforiranianmusic.org/persiantranslation/feed/index.html]
[centerforiranianmusic.org/index24eb.html]
[centerforiranianmusic.org/donate/feed/index.html]
[centerforiranianmusic.org/index4837.html]
[centerforiranianmusic.org/contact/feed/index.html]
[centerforiranianmusic.org/index3ba0.html]
[centerforiranianmusic.org/index3a3f.html]
[centerforiranianmusic.org/index4126.html]
[centerforiranianmusic.org/indexfbc0.html]
[centerforiranianmusic.org/index6ca3.html]
[centerforiranianmusic.org/index0745.html]
[centerforiranianmusic.org/index7dad.html]
[centerforiranianmusic.org/indexa5f2.html]
[centerforiranianmusic.org/index8ce5.html]
[centerforiranianmusic.org/indexa862.html]
[centerforiranianmusic.org/uncategorized/482/index.html]
[centerforiranianmusic.org/index87e8.html]
[centerforiranianmusic.org/index7b17.html]
[centerforiranianmusic.org/events/cfim-opening-concert/index.html]
[centerforiranianmusic.org/index5831.html]
[centerforiranianmusic.org/people/kathleenfallon/feed.html]
[centerforiranianmusic.org/events/carnegie-mellon-establishes-center-for-iranian-music/index.html]
[centerforiranianmusic.org/index48fd.html]
[centerforiranianmusic.org/index2cf9.html]
[centerforiranianmusic.org/index287b.html]
[centerforiranianmusic.org/index648c.html]
[centerforiranianmusic.org/wp-content/uploads/2013/08/silkscreenfestival-logo.jpg]
[centerforiranianmusic.org/events/october-persian-music-festival/index.html]
[centerforiranianmusic.org/wp-content/uploads/2014/02/Onder-Ozkoc-photo.jpg]
[centerforiranianmusic.org/wp-content/uploads/2014/02/Onder-Ozkoc-photo-e1392411394635.jpg]
[centerforiranianmusic.org/events/cfim-hosts-turkish-music-lecturer/index.html]
[centerforiranianmusic.org/index7080.html]
[centerforiranianmusic.org/events/happy-persian-new-year.html]
[centerforiranianmusic.org/indexa8da.html]
[centerforiranianmusic.org/index5d38.html]
[centerforiranianmusic.org/index5cfa.html]
[centerforiranianmusic.org/index5eda.html]
[centerforiranianmusic.org/indexb6ad.html]
[centerforiranianmusic.org/generalhistory/attachment/iranmap/feed.html]
[centerforiranianmusic.org/index6cf3.html]
[centerforiranianmusic.org/concepts/attachment/tar/feed.html]
[centerforiranianmusic.org/concepts/attachment/tar.html]
[centerforiranianmusic.org/index9c49.html]
[centerforiranianmusic.org/concepts/attachment/setar/feed.html]
[centerforiranianmusic.org/concepts/attachment/setar.html]
[centerforiranianmusic.org/index9469.html]
[centerforiranianmusic.org/concepts/attachment/santoor/feed.html]
[centerforiranianmusic.org/concepts/attachment/santoor.html]
[centerforiranianmusic.org/index86fa.html]
[centerforiranianmusic.org/concepts/attachment/kamanche/feed.html]
[centerforiranianmusic.org/concepts/attachment/kamanche.html]
[centerforiranianmusic.org/indexbe3b.html]
[centerforiranianmusic.org/concepts/attachment/ney/feed.html]
[centerforiranianmusic.org/concepts/attachment/ney.html]
[centerforiranianmusic.org/indexb4d2.html]
[centerforiranianmusic.org/concepts/attachment/tonbak/feed.html]
[centerforiranianmusic.org/concepts/attachment/tonbak.html]
[centerforiranianmusic.org/index47f2.html]
[centerforiranianmusic.org/concepts/attachment/daf/feed.html]
[centerforiranianmusic.org/concepts/attachment/daf.html]
[centerforiranianmusic.org/index1611.html]
[centerforiranianmusic.org/concepts/attachment/barbat/feed.html]
[centerforiranianmusic.org/concepts/attachment/barbat.html]
[centerforiranianmusic.org/indexe539.html]
[centerforiranianmusic.org/concepts/attachment/gheychak/feed.html]
[centerforiranianmusic.org/concepts/attachment/gheychak.html]
[centerforiranianmusic.org/index421d.html]
[centerforiranianmusic.org/concepts/attachment/dotar/feed.html]
[centerforiranianmusic.org/concepts/attachment/dotar.html]
[centerforiranianmusic.org/index43b2.html]
[centerforiranianmusic.org/concepts/attachment/tanboor/feed.html]
[centerforiranianmusic.org/concepts/attachment/tanboor.html]
[centerforiranianmusic.org/indexd52d.html]
[centerforiranianmusic.org/concepts/attachment/rebab/feed.html]
[centerforiranianmusic.org/concepts/attachment/rebab.html]
[centerforiranianmusic.org/indexee5b.html]
[centerforiranianmusic.org/concepts/attachment/sorna/feed.html]
[centerforiranianmusic.org/concepts/attachment/sorna.html]
[centerforiranianmusic.org/index60d6.html]
[centerforiranianmusic.org/concepts/attachment/karna_and_naghareh/feed.html]
[centerforiranianmusic.org/concepts/attachment/karna_and_naghareh.html]
[centerforiranianmusic.org/indexf488.html]
[centerforiranianmusic.org/concepts/attachment/balaban/feed.html]
[centerforiranianmusic.org/concepts/attachment/balaban.html]
[centerforiranianmusic.org/index56d6.html]
[centerforiranianmusic.org/concepts/attachment/damam/feed.html]
[centerforiranianmusic.org/concepts/attachment/damam.html]
[centerforiranianmusic.org/indexd7d8.html]
[centerforiranianmusic.org/concepts/attachment/dohol/feed.html]
[centerforiranianmusic.org/concepts/attachment/dohol.html]
[centerforiranianmusic.org/index87e6.html]
[centerforiranianmusic.org/concepts/attachment/naghareh/feed.html]
[centerforiranianmusic.org/concepts/attachment/naghareh.html]
[centerforiranianmusic.org/indexa36b.html]
[centerforiranianmusic.org/wp-content/uploads/2014/12/Happy-Yalda-21.jpg]
[centerforiranianmusic.org/wp-content/uploads/2014/12/Happy-Yalda-21-150x150.jpg]
[centerforiranianmusic.org/uncategorized/happy-yalda/index.html]
[centerforiranianmusic.org/index54a8.html]
[centerforiranianmusic.org/uncategorized/hello-world/index.html]
[centerforiranianmusic.org/indexb5fb.html]
[centerforiranianmusic.org/indexc524.html]
[centerforiranianmusic.org/events/cfim-directors-composition-reviewed-on-npr/index.html]
[centerforiranianmusic.org/index221f.html]
[centerforiranianmusic.org/events/october-persian-music-festival/attachment/silkscreenfestival-logo/index.html]
[centerforiranianmusic.org/wp-content/uploads/2014/02/Reza_promo_Photo.jpg]
[centerforiranianmusic.org/wp-content/uploads/2014/02/Reza_promo_Photo-300x171.jpg]
[centerforiranianmusic.org/events/new-videos-added/index.html]
[centerforiranianmusic.org/index1f38.html]
[centerforiranianmusic.org/uncategorized/concert-announcement-april-10/index.html]
[centerforiranianmusic.org/index6595.html]
[centerforiranianmusic.org/indexcff1.html]
[centerforiranianmusic.org/events/cfim-directors-composition-reviewed-on-npr/feed.html]
[centerforiranianmusic.org/events/advisory-board-member-cyrus-forough-performs-on-april-10/index.html]
[centerforiranianmusic.org/indexc518.html]
[centerforiranianmusic.org/events/october-persian-music-festival/attachment/silkscreenfestival-logo/feed.html]
[centerforiranianmusic.org/indexbc6e.html]
[centerforiranianmusic.org/indexae62.html]
[centerforiranianmusic.org/indexe145.html]
[centerforiranianmusic.org/events/advisory-board-member-cyrus-forough-performs-on-april-10/feed.html]
[centerforiranianmusic.org/events/cfim-featured-on-carnegie-mellon-homepage/index.html]
[centerforiranianmusic.org/index3cee.html]
